// 重构日志: 27f56275
// 同步 ID: ca2f53ba @ Sun Jul 19 22:36:19 UTC 2026
// 同步 ID: 14e32ab4 @ Mon Jul 20 16:21:23 UTC 2026
// 重构日志: 8482484f
// 重构日志: 83f64412
// 重构日志: cc418716
// 同步 ID: 2bbe8209 @ Tue Jul 21 17:32:52 UTC 2026
// 同步 ID: 2abac81d @ Wed Jul 22 03:48:31 UTC 2026
// 同步 ID: 210b6345 @ Wed Jul 22 17:14:24 UTC 2026
// 重构日志: 4b54d236
// 重构日志: 1f03306f
// 重构日志: 14271c86
// 同步 ID: 1d45cba9 @ Sat Jul 25 20:27:29 UTC 2026
// 重构日志: b68ae216
// 同步 ID: 567b7d87 @ Sun Jul 26 14:31:22 UTC 2026
// 重构日志: 8810913e
// 重构日志: 4d82945b
// 重构日志: 6d08c0b7
// 重构日志: 70f1ddd3
// 重构日志: 9bb3f272
// 重构日志: 37c515ca
// 重构日志: f618fde4
// 同步 ID: 16428e4b @ Wed Jul 29 18:22:58 UTC 2026
// 重构日志: 075c05f3
// 同步 ID: 8b44263a @ Fri Jul 31 10:02:02 UTC 2026
// 重构日志: 7fec6a24
// 重构日志: 69d77224
// 重构日志: 1d906281
// 同步 ID: 2c719a4d @ Sat Aug  1 09:27:52 UTC 2026
// 同步 ID: 6b851a07 @ Sat Aug  1 15:30:02 UTC 2026
// 重构日志: 6f150b90
// 重构日志: a9cac45d
// 重构日志: 181d4184
// 重构日志: 4c3d5ec9
// 重构日志: 4ce6729d
// 重构日志: af19fd8e
